user@terminal:~$ cd .ssh/
user@terminal:~/.ssh$ ls -la
total 16
drwx------ 2 user user 4096 Jul 18 12:37 .
drwxr-xr-x 3 user user 4096 Jul 18 12:53 ..
-rwx------ 1 user user 1679 Jul 18 12:36 id_rsa
-rw-r--r-- 1 user user  222 Jul 18 12:37 known_hosts
user@terminal:~/.ssh$ cat id_rsa 
-----BEGIN RSA PRIVATE KEY-----
MIIEpAIBAAKCAQEAwBlk/9YI5R0s+F0m4j8LZPB2gPkf60F0rsa3e/iKM0GTGW20
pI1jd1My6nhsE1V6+8nWHmEX8JUOH061aVK9Yg+jKuTYP3X6SxRTZIm8vhNXQ5st
IasPriK6XRXNtETNxatnELU3pkAuHvCnciik8qXxJ8pdV/uUWEJVHrzIay6IM/QP
oIHk7K/IoHBoWl+jPCZNQR7WkuITECJiZefDmkDMbh92WyHeO3Qf4O5UjbA3bwQg
E7zLcanFWxN9bghHt6ONCSEgC5taEBTxnUX2jBnaT5ogfaIxDgM6nBr5/+ipi8t/
dhU8iI6nl3YNI1cis/0OzHMavUmmg8VoPH3CaQIDAQABAoIBAQCx21E95edaagbm
9Sg5NXHRRSoTA5Vf9byYzXe4mkcqab5OPtqPuDCtnCR6HoDB7dTuJtPOUMsffoIS
zob8OxUJI71Iy5TEPPE+blU/sp9DxRh4icXhdEYSTikKYlOQYlu6dpX4TDB4Btgs
4VfHRIZj+uwqkRyXh2CzzsaMrPFK+bGOE9qUekAYyMvAwJTTABsm3VXTvxQii8eO
s7lirbOXFL7jSpSsyDZFm8DE+WttBJa0ygsjP3aI1gRKpRzhqVocjdYXmqueHmPx
aWg4NQ4/L0PbbnbHv1Eq+85BtzHywomwq+EQDGfZGu4TndvXRMkF21yi3pQci3yS
w+fid0lhAoGBAN9wkC8oUfkRWv7PyTn1kj/JKDnwtZdHtKUZMLp8PNXLHSsgMzkI
gtk3ktdzTVYkJ+htk7QY7hrn9bqv8EwNLS7HzO1MuBW/V7ZhD4sMqF3Cd2Zxz26Q
rCGH8SsxA4nHCSA9LOSNygMekE0rLKW2dep0+KYNTcLw4DW42OfpeUrNAoGBANwX
q9VL00DBYXFrrsb2dHFrG/5d0LSzjBhIhoKQhjSo2sj88hqlMzHQLAQ84cDuZZq2
vjHrwooxxvRy0QJIXipjE34sCqf999c5RZK0o/Le27EFniIVGapCGTXdIhr7WYw2
jmWYtYJyZP8N39jcXkLOzIFknjisqVQLHAvrtM4NAoGABivDr6m7adeS3cq7UgB4
Q464r7D4Mu9mC9FASUY5H+Z2LcS75W1Yv8sLISwsDJ7/AypTk/vER7X0UW2eg1sx
zkLyY/NkeiVItN7FYR++XqiKR6gJBJK2Tk7E2F6ILHv0wpEt9jn8RE3JynfQydra
Mtl8LIndhe7FInayduU51lkCgYEAnTw8AnHdRlHhL4pinrnLjouawCp9w9rRpzeJ
ARYHCu/m/dfXjrmezWOPTqfAEHlAFTugvUFVBi1xmYm9UAgrXdTSRD1qj4Gc4iGE
Vr6+sfAMu3br9iVk5IG8SQLmLqiK3OTM7kAezEa1aJGc7ezhWpErAPXFI3AWuHgH
XWzTCrECgYBl4/KlY9XgJWV2w4Nwq/9bdFWAHT507Fz92bSj+3eugi8siFE8Y9ZK
JxhPZYgDlgIspIEyHqmeTTt6kOUChyho0RdigtYtZrEXu3bbec/tIr2UM93lBXaL
2AzUHs2kJ1G+l3UwwTj/SmH8SJdpQLefFvHxzCzb5rvnGrEp72s01A==
-----END RSA PRIVATE KEY-----
user@terminal:~/.ssh$ 
user@terminal:~/.ssh$ ssh admin@172.16.0.3
Linux scan 3.2.0-4-amd64 #1 SMP Debian 3.2.84-1 x86_64
You have new mail.
Last login: Tue Jul 18 12:44:34 2017 from 172.16.0.2
##########################
PasswordAuthentication no
##########################
admin@scan:~$ ^C
admin@scan:~$ ^C
admin@scan:~$ ping 172.16.0.2
PING 172.16.0.2 (172.16.0.2) 56(84) bytes of data.
64 bytes from 172.16.0.2: icmp_req=1 ttl=64 time=0.387 ms
64 bytes from 172.16.0.2: icmp_req=2 ttl=64 time=0.513 ms
^C
--- 172.16.0.2 ping statistics ---
2 packets transmitted, 2 received, 0% packet loss, time 999ms
rtt min/avg/max/mdev = 0.387/0.450/0.513/0.063 ms
admin@scan:~$ nmap 172.16.0.3
-bash: nmap: command not found
admin@scan:~$ ls -la
total 44
drwxr-xr-x 4 admin admin 4096 Jan 10  2017 .
drwxr-xr-x 3 root  root  4096 Mar  4 13:43 ..
drwx------ 2 admin admin 4096 Aug 26  2014 .aptitude
-rw------- 1 admin admin 7312 Jul 18 12:55 .bash_history
-rw-r--r-- 1 admin admin  220 Dec 30  2012 .bash_logout
-rw-r--r-- 1 admin admin 3392 Dec 30  2012 .bashrc
-rw-r--r-- 1 admin admin  675 Dec 30  2012 .profile
-rw-r--r-- 1 root  root    26 Jan 10  2017 scanning.txt
drwxr-xr-x 2 admin admin 4096 Aug  2  2016 .ssh
-rw------- 1 admin admin  757 Nov 22  2016 .viminfo
admin@scan:~$ cat scanning.txt 
Scaning_is_s0_interesting
admin@scan:~$ ^C

